鲁技 047066000 bought 16 一等座 tickets of G8903 from 古田北 to 福州 in 2017-4-4
方卓思 062183201 bought 7 二等座 tickets of G4907 from 合肥南 to 安庆 in 2017-3-29
卢郝 064222000 bought 5 硬座 tickets of D7261 from 中山 to 珠海 in 2017-4-2
葛派 042040000 bought 10 无座 tickets of D7833 from 齐齐哈尔南 to 齐齐哈尔 in 2017-3-30
吴征 005050000 bought 1 一等座 ticket of C7103 from 广州 to 东莞 in 2017-4-1
窦欧 037077000 bought 16 二等座 tickets of D9 from 北京 to 秦皇岛 in 2017-4-22
韦许祖 048188001 bought 4 无座 tickets of K5171 from 牡丹江 to 绥芬河 in 2017-4-17
凤听 052157000 bought 16 二等座 tickets of G4823/G4826 from 麻城北 to 南京南 in 2017-4-14
华拥 026094000 bought 19 硬座 tickets of Z36 from 郑州 to 北京西 in 2017-3-31
魏毕 028029000 bought 17 二等座 tickets of C7725 from 小榄 to 新会 in 2017-4-4
任冰 056031000 bought 19 二等座 tickets of D6054 from 青州市 to 济南 in 2017-4-5
陈智 009204000 bought 11 无座 tickets of G172 from 沧州西 to 天津西 in 2017-3-30
鲁压 047019000 bought 14 一等座 tickets of G2915 from 肇庆东 to 深圳北 in 2017-4-8
范忆 044075000 bought 6 特等座 tickets of G1233/G1236 from 泰安 to 滨海 in 2017-4-26
鲁鞋既 047125032 bought 9 无座 tickets of D3231 from 雁荡山 to 鳌江 in 2017-4-13
钱划窗 001153004 bought 2 一等座 tickets of G7317 from 嘉兴南 to 桐乡 in 2017-4-16
方罪佳 062123190 bought 13 无座 tickets of K4089 from 惠州 to 东莞东 in 2017-4-23
郝藸 073142000 bought 14 硬座 tickets of T3089 from 天柱山 to 兴国 in 2017-4-9
陶典盖 029165144 bought 14 特等座 tickets of C1246 from 吉林 to 长春 in 2017-4-15
孔洗萨 023025151 bought 11 一等座 tickets of G476 from 济南 to 济南西 in 2017-4-20
